---
source: src/specification/bundler/mod.rs
expression: bundle
---
(function() {
  const modules = {};
  const cache = {};

  function require(path) {
    if (cache[path]) {
      return cache[path].exports;
    }

    const module = { exports: {} };
    cache[path] = module;

    if (!modules[path]) {
      throw new Error("Module not found: " + path);
    }

    modules[path](module, module.exports, require);

    // ESM interop: ensure .default exists for pure CommonJS modules
    // Skip if module already has __esModule marker (transpiled ESM) or .default property
    if (!module.exports.__esModule && typeof module.exports.default === 'undefined') {
      module.exports.default = module.exports;
    }

    return module.exports;
  }

  globalThis.__bombadilRequire = require;

  modules["./index.ts"] = function(module, exports, require) {
    module.exports.__esModule=true;const { default: z, x, foo: bar } = __bombadilRequire("./other.ts");
    const { incr } = __bombadilRequire("./subdirectory/shared.ts");
    const { default: addFn, multiply, MAGIC_NUMBER } = __bombadilRequire("./node_modules/test-lib/index.js");
    const y = incr(x + z + bar.bar);
    const computed = multiply(addFn(1, 2), MAGIC_NUMBER);
    Object.assign(module.exports, __bombadilRequire("./other.ts"));
    module.exports.y = y;
    module.exports.computed = computed;
  };

  modules["./node_modules/test-lib/index.js"] = function(module, exports, require) {
    module.exports.__esModule=true;function multiply(a, b) {
    	return a * b;
    }
    const MAGIC_NUMBER = 42;
    module.exports.default = function add(a, b) {
    	return a + b;
    };
    module.exports.multiply = multiply;
    module.exports.MAGIC_NUMBER = MAGIC_NUMBER;
  };

  modules["./other.ts"] = function(module, exports, require) {
    module.exports.__esModule=true;const { incr } = __bombadilRequire("./subdirectory/shared.ts");
    __bombadilRequire("@antithesishq/bombadil");
    const x = 10;
    module.exports.default = incr(20);
    const foo = { bar: 30 };
    const { x: y } = { x: 123 };
    const [z = 0] = [1];
    const [{ a: b = 1 }] = [{}];
    module.exports.x = x;
    module.exports.foo = foo;
    module.exports.y = y;
    module.exports.z = z;
    module.exports.b = b;
  };

  modules["./subdirectory/shared.ts"] = function(module, exports, require) {
    module.exports.__esModule=true;const { x } = __bombadilRequire("./other.ts");
    function incr(x) {
    	return x + 1;
    }
    const cyclic = x + 10;
    module.exports.incr = incr;
    module.exports.cyclic = cyclic;
  };

  modules["@antithesishq/bombadil"] = function(module, exports, require) {
    module.exports.__esModule=true;const { ExtractorCell, Runtime } = __bombadilRequire("@antithesishq/bombadil/internal");
    const runtime = new Runtime();
    const { time } = __bombadilRequire("@antithesishq/bombadil/internal");
    const { actions, weighted, ActionGenerator, from, strings, emails, integers, keycodes } = __bombadilRequire("@antithesishq/bombadil/actions");
    class Formula {
    	not() {
    		return new Not(this);
    	}
    	and(that) {
    		return new And(this, now(that));
    	}
    	or(that) {
    		return new Or(this, now(that));
    	}
    	implies(that) {
    		return new Implies(this, now(that));
    	}
    }
    class Pure extends Formula {
    	constructor(pretty, value) {
    		super();
    		this.pretty = pretty;
    		this.value = value;
    	}
    	toString() {
    		return this.pretty;
    	}
    }
    class And extends Formula {
    	constructor(left, right) {
    		super();
    		this.left = left;
    		this.right = right;
    	}
    	toString() {
    		return `(${this.left}) && (${this.right})`;
    	}
    }
    class Or extends Formula {
    	constructor(left, right) {
    		super();
    		this.left = left;
    		this.right = right;
    	}
    }
    class Implies extends Formula {
    	constructor(left, right) {
    		super();
    		this.left = left;
    		this.right = right;
    	}
    	toString() {
    		return `${this.left}.implies(${this.right})`;
    	}
    }
    class Not extends Formula {
    	constructor(subformula) {
    		super();
    		this.subformula = subformula;
    	}
    	toString() {
    		return `!(${this.subformula.toString()})`;
    	}
    }
    class Next extends Formula {
    	constructor(subformula) {
    		super();
    		this.subformula = subformula;
    	}
    	toString() {
    		return `next(${this.subformula})`;
    	}
    }
    class Always extends Formula {
    	constructor(boundMillis, subformula) {
    		super();
    		this.boundMillis = boundMillis;
    		this.subformula = subformula;
    	}
    	within(n, unit) {
    		if (this.boundMillis !== null) {
    			throw new Error("time bound is already set for `always`");
    		}
    		let durationMillis;
    		switch (unit) {
    			case "milliseconds":
    				durationMillis = n;
    				break;
    			case "seconds":
    				durationMillis = n * 1e3;
    				break;
    		}
    		return new Always(durationMillis, this.subformula);
    	}
    	toString() {
    		return this.boundMillis === null ? `always(${this.subformula})` : `always(${this.subformula}).within(${this.boundMillis}, "milliseconds")`;
    	}
    }
    class Eventually extends Formula {
    	constructor(boundMillis, subformula) {
    		super();
    		this.boundMillis = boundMillis;
    		this.subformula = subformula;
    	}
    	within(n, unit) {
    		if (this.boundMillis !== null) {
    			throw new Error("time bound is already set for `eventually`");
    		}
    		let durationMillis;
    		switch (unit) {
    			case "milliseconds":
    				durationMillis = n;
    				break;
    			case "seconds":
    				durationMillis = n * 1e3;
    				break;
    		}
    		return new Eventually(durationMillis, this.subformula);
    	}
    	toString() {
    		return this.boundMillis === null ? `eventually(${this.subformula})` : `eventually(${this.subformula}).within(${this.boundMillis}, "milliseconds")`;
    	}
    }
    class Thunk extends Formula {
    	constructor(pretty, apply) {
    		super();
    		this.pretty = pretty;
    		this.apply = apply;
    	}
    	toString() {
    		return this.pretty;
    	}
    }
    function not(value) {
    	return new Not(now(value));
    }
    function now(x) {
    	if (typeof x === "function") {
    		let liftResult2 = function(result) {
    			return typeof result === "boolean" ? new Pure(pretty, result) : result;
    		};
    		var liftResult = liftResult2;
    		const pretty = x.toString().replace(/^\(\)\s*=>\s*/, "").replaceAll(/(\|\||&&)/g, (_, operator) => "\n  " + operator);
    		return new Thunk(pretty, () => liftResult2(x()));
    	}
    	return x;
    }
    function next(x) {
    	return new Next(now(x));
    }
    function always(x) {
    	return new Always(null, now(x));
    }
    function eventually(x) {
    	return new Eventually(null, now(x));
    }
    function extract(query) {
    	return new ExtractorCell(runtime, query);
    }
    ;
    module.exports.ActionGenerator = ActionGenerator;
    module.exports.Always = Always;
    module.exports.And = And;
    module.exports.Eventually = Eventually;
    module.exports.Formula = Formula;
    module.exports.Implies = Implies;
    module.exports.Next = Next;
    module.exports.Not = Not;
    module.exports.Or = Or;
    module.exports.Pure = Pure;
    module.exports.Thunk = Thunk;
    module.exports.actions = actions;
    module.exports.always = always;
    module.exports.emails = emails;
    module.exports.eventually = eventually;
    module.exports.extract = extract;
    module.exports.from = from;
    module.exports.integers = integers;
    module.exports.keycodes = keycodes;
    module.exports.next = next;
    module.exports.not = not;
    module.exports.now = now;
    module.exports.runtime = runtime;
    module.exports.strings = strings;
    module.exports.time = time;
    module.exports.weighted = weighted;
  };

  modules["@antithesishq/bombadil/actions"] = function(module, exports, require) {
    module.exports.__esModule=true;const { from, strings, emails, integers, keycodes, randomRange } = __bombadilRequire("@antithesishq/bombadil/random");
    function leaf(value) {
    	return { value };
    }
    function branch(branches) {
    	for (const [weight] of branches) {
    		if (!Number.isInteger(weight) || weight < 0 || weight > 65535) {
    			throw new RangeError(`invalid weight ${weight}, expected integer between 0 and 65535 inclusive`);
    		}
    	}
    	return { branches };
    }
    class ActionGenerator {
    	constructor(generate) {
    		this.generate = generate;
    	}
    }
    function actions(generate) {
    	return new ActionGenerator(() => {
    		const result = generate();
    		if (Array.isArray(result)) {
    			return branch(result.map((a) => [1, leaf(a)]));
    		}
    		return result;
    	});
    }
    function weighted(value) {
    	return new ActionGenerator(() => {
    		return branch(value.map(([w, x]) => {
    			if (x instanceof ActionGenerator) {
    				return [w, x.generate()];
    			}
    			return [w, leaf(x)];
    		}));
    	});
    }
    ;
    module.exports.ActionGenerator = ActionGenerator;
    module.exports.actions = actions;
    module.exports.emails = emails;
    module.exports.from = from;
    module.exports.integers = integers;
    module.exports.keycodes = keycodes;
    module.exports.randomRange = randomRange;
    module.exports.strings = strings;
    module.exports.weighted = weighted;
  };

  modules["@antithesishq/bombadil/internal"] = function(module, exports, require) {
    module.exports.__esModule=true;class ExtractorCell {
    	constructor(runtime, extract) {
    		this.runtime = runtime;
    		this.extract = extract;
    		runtime.registerExtractor(this);
    	}
    	name = null;
    	snapshots = /* @__PURE__ */ new Map();
    	update(snapshot, time2) {
    		this.snapshots.set(time2, snapshot);
    	}
    	get current() {
    		this.runtime.checkNotExtracting();
    		const value = this.snapshots.get(time.current);
    		if (value === void 0) {
    			throw new Error(`no cell value available in current state (this is a bug in the runtime)`);
    		} else {
    			return value;
    		}
    	}
    	at(other) {
    		if (other < time.current) {
    			const value = this.snapshots.get(other);
    			if (value === void 0) {
    				throw new Error("cannot get value from unknown time");
    			}
    			return value;
    		} else if (time.current < other) {
    			throw new Error("cannot get cell value from the future");
    		} else {
    			return this.current;
    		}
    	}
    	named(name) {
    		this.name = name;
    		return this;
    	}
    	run(state) {
    		return this.extract(state);
    	}
    }
    class TimeCell {
    	time = void 0;
    	constructor() {}
    	update(_, time2) {
    		this.time = time2;
    	}
    	get current() {
    		if (this.time === void 0) {
    			throw new Error("time has not been set");
    		}
    		return this.time;
    	}
    	at(time2) {
    		return time2;
    	}
    }
    const time = new TimeCell();
    class Runtime {
    	extractors = [];
    	extractingDepth = 0;
    	registerExtractor(cell) {
    		this.extractors.push(cell);
    	}
    	runExtractors(state) {
    		return this.extractors.map((extractor) => {
    			this.extractingDepth++;
    			try {
    				return {
    					name: extractor.name,
    					value: extractor.run(state)
    				};
    			} finally {
    				this.extractingDepth--;
    			}
    		});
    	}
    	checkNotExtracting() {
    		if (this.extractingDepth > 0) {
    			throw new Error("Cannot access cell.current from within an extractor. Extractors must only depend on the 'state' parameter. Use shared helper functions to avoid duplication.");
    		}
    	}
    }
    ;
    module.exports.ExtractorCell = ExtractorCell;
    module.exports.Runtime = Runtime;
    module.exports.TimeCell = TimeCell;
    module.exports.time = time;
  };

  modules["@antithesishq/bombadil/random"] = function(module, exports, require) {
    module.exports.__esModule=true;function randomU32() {
    	return new DataView(__bombadil_random_bytes(4).buffer).getUint32(0);
    }
    function randomRange(min, max) {
    	if (min >= max) {
    		throw new RangeError(`min (${min}) must be less than max (${max})`);
    	}
    	const range = max - min;
    	if (range <= 4294967295) {
    		return min + randomU32() % range;
    	}
    	const view = new DataView(__bombadil_random_bytes(8).buffer);
    	const uniform = ((view.getUint32(0) >>> 5) * 67108864 + (view.getUint32(4) >>> 6)) / 9007199254740992;
    	return min + Math.floor(uniform * range);
    }
    function randomChoice(items) {
    	if (items.length === 0) {
    		throw new Error("cannot choose from an empty array of items");
    	}
    	return items[randomU32() % items.length];
    }
    class From {
    	constructor(elements) {
    		this.elements = elements;
    	}
    	generate() {
    		return randomChoice(this.elements);
    	}
    }
    function from(elements) {
    	if (elements.length === 0) {
    		throw new Error("`from` needs at least one element");
    	}
    	return new From(elements);
    }
    const ALPHANUMERIC = "abcdefghijklmnopqrstuvwxyz0123456789";
    class StringGenerator {
    	size = {
    		min: 0,
    		max: 16
    	};
    	generate() {
    		const len = randomRange(this.size.min, this.size.max);
    		return Array.from({ length: len }, () => randomChoice([...ALPHANUMERIC])).join("");
    	}
    	minSize(value) {
    		this.size.min = value;
    		return this;
    	}
    	maxSize(value) {
    		this.size.max = value;
    		return this;
    	}
    }
    function strings() {
    	return new StringGenerator();
    }
    class EmailGenerator {
    	generate() {
    		const user = Array.from({ length: randomRange(3, 10) }, () => randomChoice([...ALPHANUMERIC])).join("");
    		const domain = Array.from({ length: randomRange(3, 8) }, () => randomChoice([...ALPHANUMERIC])).join("");
    		return `${user}@${domain}.com`;
    	}
    }
    function emails() {
    	return new EmailGenerator();
    }
    class IntegerGenerator {
    	range = {
    		min: Number.MIN_SAFE_INTEGER,
    		max: Number.MAX_SAFE_INTEGER
    	};
    	generate() {
    		return randomRange(this.range.min, this.range.max);
    	}
    	min(value) {
    		this.range.min = value;
    		return this;
    	}
    	max(value) {
    		this.range.max = value;
    		return this;
    	}
    }
    function integers() {
    	return new IntegerGenerator();
    }
    function keycodes() {
    	return from([
    		8,
    		9,
    		13,
    		27
    	]);
    }
    ;
    module.exports.From = From;
    module.exports.emails = emails;
    module.exports.from = from;
    module.exports.integers = integers;
    module.exports.keycodes = keycodes;
    module.exports.randomRange = randomRange;
    module.exports.strings = strings;
  };

  return require("./index.ts");
})();
