---
source: src/instrumentation.rs
expression: code
---
window.antithesis_branch_coverage = window.antithesis_branch_coverage || new Uint8Array(64 * 1024);
window.antithesis_location_previous = window.antithesis_location_previous || 0;
let x = 1;
let y = 2;
let z = 3;
function example(a, b, c) {
	return a ? (() => {
		antithesis_branch_coverage[(0xbb2a3fb2cd2c7000 ^ antithesis_location_previous) % antithesis_branch_coverage.length] += 1;
		antithesis_location_previous = 0xbb2a3fb2cd2c7000 >> 1;
		return x = y, b;
	})() : (() => {
		antithesis_branch_coverage[(0xc6017c948e276800 ^ antithesis_location_previous) % antithesis_branch_coverage.length] += 1;
		antithesis_location_previous = 0xc6017c948e276800 >> 1;
		return y = z, c;
	})();
}
console.log(example(true, 1, 2), x, y, z);
